---
source: compiler-core/src/type_/tests/target_implementations.rs
expression: "\npub type Person {\n  Person(name: String, age: Int)\n}\n\npub fn main(person: Person) {\n  Person(..person, age: 10)\n}\n"
---
----- SOURCE CODE

pub type Person {
  Person(name: String, age: Int)
}

pub fn main(person: Person) {
  Person(..person, age: 10)
}


----- ERROR
error: Unsupported target feature
  ┌─ /src/one/two.gleam:7:3
  │
7 │   Person(..person, age: 10)
  │   ^^^^^^^^^^^^^^^^^^^^^^^^^

The record updates feature is not currently supported when compiling to the
Luau target.

Hint: Use a target-specific external or avoid this feature for this target.
